Copyright 1986-2017 Xilinx, Inc. All Rights Reserved.
-----------------------------------------------------------------------------------------------------------------------------------------------------------
| Tool Version : Vivado v.2017.3 (win64) Build 2018833 Wed Oct  4 19:58:22 MDT 2017
| Date         : Tue Aug 18 00:04:45 2020
| Host         : LAPTOP-269KMLDC running 64-bit major release  (build 9200)
| Command      : report_methodology -file nidhogg_methodology_drc_routed.rpt -pb nidhogg_methodology_drc_routed.pb -rpx nidhogg_methodology_drc_routed.rpx
| Design       : nidhogg
| Device       : xc7a35tcpg236-1
| Speed File   : -1
| Design State : Routed
-----------------------------------------------------------------------------------------------------------------------------------------------------------

Report Methodology

Table of Contents
-----------------
1. REPORT SUMMARY
2. REPORT DETAILS

1. REPORT SUMMARY
-----------------
            Netlist: netlist
          Floorplan: design_1
      Design limits: <entire design considered>
             Max violations: <unlimited>
             Violations found: 62
+-----------+----------+--------------------------------------------+------------+
| Rule      | Severity | Description                                | Violations |
+-----------+----------+--------------------------------------------+------------+
| SYNTH-6   | Warning  | Timing of a block RAM might be sub-optimal | 10         |
| TIMING-16 | Warning  | Large setup violation                      | 23         |
| TIMING-17 | Warning  | Non-clocked sequential cell                | 13         |
| TIMING-20 | Warning  | Non-clocked latch                          | 16         |
+-----------+----------+--------------------------------------------+------------+

2. REPORT DETAILS
-----------------
SYNTH-6#1 Warning
Timing of a block RAM might be sub-optimal  
The timing for the instance my_image_playerL_head/rgb_reg_0, implemented as a block RAM, might be sub-optimal as no output register was merged into the block
Related violations: <none>

SYNTH-6#2 Warning
Timing of a block RAM might be sub-optimal  
The timing for the instance my_image_playerL_head/rgb_reg_1, implemented as a block RAM, might be sub-optimal as no output register was merged into the block
Related violations: <none>

SYNTH-6#3 Warning
Timing of a block RAM might be sub-optimal  
The timing for the instance my_image_playerL_legs/rgb_reg_0, implemented as a block RAM, might be sub-optimal as no output register was merged into the block
Related violations: <none>

SYNTH-6#4 Warning
Timing of a block RAM might be sub-optimal  
The timing for the instance my_image_playerL_legs/rgb_reg_1, implemented as a block RAM, might be sub-optimal as no output register was merged into the block
Related violations: <none>

SYNTH-6#5 Warning
Timing of a block RAM might be sub-optimal  
The timing for the instance my_image_playerR_head/rgb_reg_0, implemented as a block RAM, might be sub-optimal as no output register was merged into the block
Related violations: <none>

SYNTH-6#6 Warning
Timing of a block RAM might be sub-optimal  
The timing for the instance my_image_playerR_head/rgb_reg_1, implemented as a block RAM, might be sub-optimal as no output register was merged into the block
Related violations: <none>

SYNTH-6#7 Warning
Timing of a block RAM might be sub-optimal  
The timing for the instance my_image_playerR_legs/rgb_reg_0, implemented as a block RAM, might be sub-optimal as no output register was merged into the block
Related violations: <none>

SYNTH-6#8 Warning
Timing of a block RAM might be sub-optimal  
The timing for the instance my_image_playerR_legs/rgb_reg_1, implemented as a block RAM, might be sub-optimal as no output register was merged into the block
Related violations: <none>

SYNTH-6#9 Warning
Timing of a block RAM might be sub-optimal  
The timing for the instance my_image_rom/rgb_reg_0, implemented as a block RAM, might be sub-optimal as no output register was merged into the block
Related violations: <none>

SYNTH-6#10 Warning
Timing of a block RAM might be sub-optimal  
The timing for the instance my_image_rom/rgb_reg_1, implemented as a block RAM, might be sub-optimal as no output register was merged into the block
Related violations: <none>

TIMING-16#1 Warning
Large setup violation  
There is a large setup violation of -1.460 ns between my_keyboard/RP_x_pos_reg[0]/C (clocked by clk_50MHz_clk) and my_players/pixel_addr_playerR_head_reg[1]/D (clocked by clk_65MHz_clk). Large setup violations at the end of those stages might be difficult to fix during the post-placement implementation flow and could be the result of non-optimal XDC constraints or non-optimal design architecture
Related violations: <none>

TIMING-16#2 Warning
Large setup violation  
There is a large setup violation of -1.669 ns between my_keyboard/LP_x_pos_reg[0]/C (clocked by clk_50MHz_clk) and my_players/pixel_addr_playerL_head_reg[0]/D (clocked by clk_65MHz_clk). Large setup violations at the end of those stages might be difficult to fix during the post-placement implementation flow and could be the result of non-optimal XDC constraints or non-optimal design architecture
Related violations: <none>

TIMING-16#3 Warning
Large setup violation  
There is a large setup violation of -1.844 ns between my_keyboard/LP_x_pos_reg[0]/C (clocked by clk_50MHz_clk) and my_players/pixel_addr_playerL_head_reg[1]/D (clocked by clk_65MHz_clk). Large setup violations at the end of those stages might be difficult to fix during the post-placement implementation flow and could be the result of non-optimal XDC constraints or non-optimal design architecture
Related violations: <none>

TIMING-16#4 Warning
Large setup violation  
There is a large setup violation of -1.880 ns between my_keyboard/RP_x_pos_reg[0]/C (clocked by clk_50MHz_clk) and my_players/pixel_addr_playerR_head_reg[2]/D (clocked by clk_65MHz_clk). Large setup violations at the end of those stages might be difficult to fix during the post-placement implementation flow and could be the result of non-optimal XDC constraints or non-optimal design architecture
Related violations: <none>

TIMING-16#5 Warning
Large setup violation  
There is a large setup violation of -1.961 ns between my_keyboard/LP_x_pos_reg[0]/C (clocked by clk_50MHz_clk) and my_players/pixel_addr_playerL_head_reg[2]/D (clocked by clk_65MHz_clk). Large setup violations at the end of those stages might be difficult to fix during the post-placement implementation flow and could be the result of non-optimal XDC constraints or non-optimal design architecture
Related violations: <none>

TIMING-16#6 Warning
Large setup violation  
There is a large setup violation of -1.982 ns between my_keyboard/RP_x_pos_reg[0]/C (clocked by clk_50MHz_clk) and my_players/pixel_addr_playerR_head_reg[3]/D (clocked by clk_65MHz_clk). Large setup violations at the end of those stages might be difficult to fix during the post-placement implementation flow and could be the result of non-optimal XDC constraints or non-optimal design architecture
Related violations: <none>

TIMING-16#7 Warning
Large setup violation  
There is a large setup violation of -2.062 ns between my_keyboard/LP_x_pos_reg[1]/C (clocked by clk_50MHz_clk) and my_players/pixel_addr_playerL_head_reg[3]/D (clocked by clk_65MHz_clk). Large setup violations at the end of those stages might be difficult to fix during the post-placement implementation flow and could be the result of non-optimal XDC constraints or non-optimal design architecture
Related violations: <none>

TIMING-16#8 Warning
Large setup violation  
There is a large setup violation of -2.227 ns between my_keyboard/RP_x_pos_reg[0]/C (clocked by clk_50MHz_clk) and my_players/pixel_addr_playerR_head_reg[4]/D (clocked by clk_65MHz_clk). Large setup violations at the end of those stages might be difficult to fix during the post-placement implementation flow and could be the result of non-optimal XDC constraints or non-optimal design architecture
Related violations: <none>

TIMING-16#9 Warning
Large setup violation  
There is a large setup violation of -2.331 ns between my_keyboard/RP_x_pos_reg[0]/C (clocked by clk_50MHz_clk) and my_players/pixel_addr_playerR_head_reg[5]/D (clocked by clk_65MHz_clk). Large setup violations at the end of those stages might be difficult to fix during the post-placement implementation flow and could be the result of non-optimal XDC constraints or non-optimal design architecture
Related violations: <none>

TIMING-16#10 Warning
Large setup violation  
There is a large setup violation of -2.401 ns between my_keyboard/LP_x_pos_reg[1]/C (clocked by clk_50MHz_clk) and my_players/pixel_addr_playerL_head_reg[4]/D (clocked by clk_65MHz_clk). Large setup violations at the end of those stages might be difficult to fix during the post-placement implementation flow and could be the result of non-optimal XDC constraints or non-optimal design architecture
Related violations: <none>

TIMING-16#11 Warning
Large setup violation  
There is a large setup violation of -2.505 ns between my_keyboard/LP_x_pos_reg[1]/C (clocked by clk_50MHz_clk) and my_players/pixel_addr_playerL_head_reg[5]/D (clocked by clk_65MHz_clk). Large setup violations at the end of those stages might be difficult to fix during the post-placement implementation flow and could be the result of non-optimal XDC constraints or non-optimal design architecture
Related violations: <none>

TIMING-16#12 Warning
Large setup violation  
There is a large setup violation of -6.357 ns between my_keyboard/LP_x_pos_reg[1]/C (clocked by clk_50MHz_clk) and my_players/rgb_out_reg[8]/D (clocked by clk_65MHz_clk). Large setup violations at the end of those stages might be difficult to fix during the post-placement implementation flow and could be the result of non-optimal XDC constraints or non-optimal design architecture
Related violations: <none>

TIMING-16#13 Warning
Large setup violation  
There is a large setup violation of -6.414 ns between my_keyboard/RP_x_pos_reg[0]/C (clocked by clk_50MHz_clk) and my_players/rgb_out_reg[9]/D (clocked by clk_65MHz_clk). Large setup violations at the end of those stages might be difficult to fix during the post-placement implementation flow and could be the result of non-optimal XDC constraints or non-optimal design architecture
Related violations: <none>

TIMING-16#14 Warning
Large setup violation  
There is a large setup violation of -6.428 ns between my_keyboard/RP_x_pos_reg[0]/C (clocked by clk_50MHz_clk) and my_players/rgb_out_reg[5]/D (clocked by clk_65MHz_clk). Large setup violations at the end of those stages might be difficult to fix during the post-placement implementation flow and could be the result of non-optimal XDC constraints or non-optimal design architecture
Related violations: <none>

TIMING-16#15 Warning
Large setup violation  
There is a large setup violation of -6.431 ns between my_keyboard/RP_x_pos_reg[0]/C (clocked by clk_50MHz_clk) and my_players/rgb_out_reg[2]/D (clocked by clk_65MHz_clk). Large setup violations at the end of those stages might be difficult to fix during the post-placement implementation flow and could be the result of non-optimal XDC constraints or non-optimal design architecture
Related violations: <none>

TIMING-16#16 Warning
Large setup violation  
There is a large setup violation of -6.483 ns between my_keyboard/RP_x_pos_reg[0]/C (clocked by clk_50MHz_clk) and my_players/rgb_out_reg[6]/D (clocked by clk_65MHz_clk). Large setup violations at the end of those stages might be difficult to fix during the post-placement implementation flow and could be the result of non-optimal XDC constraints or non-optimal design architecture
Related violations: <none>

TIMING-16#17 Warning
Large setup violation  
There is a large setup violation of -6.489 ns between my_keyboard/LP_x_pos_reg[1]/C (clocked by clk_50MHz_clk) and my_players/rgb_out_reg[11]/D (clocked by clk_65MHz_clk). Large setup violations at the end of those stages might be difficult to fix during the post-placement implementation flow and could be the result of non-optimal XDC constraints or non-optimal design architecture
Related violations: <none>

TIMING-16#18 Warning
Large setup violation  
There is a large setup violation of -6.501 ns between my_keyboard/RP_x_pos_reg[0]/C (clocked by clk_50MHz_clk) and my_players/rgb_out_reg[7]/D (clocked by clk_65MHz_clk). Large setup violations at the end of those stages might be difficult to fix during the post-placement implementation flow and could be the result of non-optimal XDC constraints or non-optimal design architecture
Related violations: <none>

TIMING-16#19 Warning
Large setup violation  
There is a large setup violation of -6.509 ns between my_keyboard/RP_x_pos_reg[0]/C (clocked by clk_50MHz_clk) and my_players/rgb_out_reg[0]/D (clocked by clk_65MHz_clk). Large setup violations at the end of those stages might be difficult to fix during the post-placement implementation flow and could be the result of non-optimal XDC constraints or non-optimal design architecture
Related violations: <none>

TIMING-16#20 Warning
Large setup violation  
There is a large setup violation of -6.522 ns between my_keyboard/RP_x_pos_reg[0]/C (clocked by clk_50MHz_clk) and my_players/rgb_out_reg[1]/D (clocked by clk_65MHz_clk). Large setup violations at the end of those stages might be difficult to fix during the post-placement implementation flow and could be the result of non-optimal XDC constraints or non-optimal design architecture
Related violations: <none>

TIMING-16#21 Warning
Large setup violation  
There is a large setup violation of -6.572 ns between my_keyboard/RP_x_pos_reg[0]/C (clocked by clk_50MHz_clk) and my_players/rgb_out_reg[4]/D (clocked by clk_65MHz_clk). Large setup violations at the end of those stages might be difficult to fix during the post-placement implementation flow and could be the result of non-optimal XDC constraints or non-optimal design architecture
Related violations: <none>

TIMING-16#22 Warning
Large setup violation  
There is a large setup violation of -6.584 ns between my_keyboard/RP_x_pos_reg[0]/C (clocked by clk_50MHz_clk) and my_players/rgb_out_reg[3]/D (clocked by clk_65MHz_clk). Large setup violations at the end of those stages might be difficult to fix during the post-placement implementation flow and could be the result of non-optimal XDC constraints or non-optimal design architecture
Related violations: <none>

TIMING-16#23 Warning
Large setup violation  
There is a large setup violation of -6.646 ns between my_keyboard/RP_x_pos_reg[0]/C (clocked by clk_50MHz_clk) and my_players/rgb_out_reg[10]/D (clocked by clk_65MHz_clk). Large setup violations at the end of those stages might be difficult to fix during the post-placement implementation flow and could be the result of non-optimal XDC constraints or non-optimal design architecture
Related violations: <none>

TIMING-17#1 Warning
Non-clocked sequential cell  
The clock pin my_keyboard/my_PS2Receiver/cnt_reg[0]/C is not reached by a timing clock
Related violations: <none>

TIMING-17#2 Warning
Non-clocked sequential cell  
The clock pin my_keyboard/my_PS2Receiver/cnt_reg[1]/C is not reached by a timing clock
Related violations: <none>

TIMING-17#3 Warning
Non-clocked sequential cell  
The clock pin my_keyboard/my_PS2Receiver/cnt_reg[2]/C is not reached by a timing clock
Related violations: <none>

TIMING-17#4 Warning
Non-clocked sequential cell  
The clock pin my_keyboard/my_PS2Receiver/cnt_reg[3]/C is not reached by a timing clock
Related violations: <none>

TIMING-17#5 Warning
Non-clocked sequential cell  
The clock pin my_keyboard/my_PS2Receiver/datacur_reg[0]/C is not reached by a timing clock
Related violations: <none>

TIMING-17#6 Warning
Non-clocked sequential cell  
The clock pin my_keyboard/my_PS2Receiver/datacur_reg[1]/C is not reached by a timing clock
Related violations: <none>

TIMING-17#7 Warning
Non-clocked sequential cell  
The clock pin my_keyboard/my_PS2Receiver/datacur_reg[2]/C is not reached by a timing clock
Related violations: <none>

TIMING-17#8 Warning
Non-clocked sequential cell  
The clock pin my_keyboard/my_PS2Receiver/datacur_reg[3]/C is not reached by a timing clock
Related violations: <none>

TIMING-17#9 Warning
Non-clocked sequential cell  
The clock pin my_keyboard/my_PS2Receiver/datacur_reg[4]/C is not reached by a timing clock
Related violations: <none>

TIMING-17#10 Warning
Non-clocked sequential cell  
The clock pin my_keyboard/my_PS2Receiver/datacur_reg[5]/C is not reached by a timing clock
Related violations: <none>

TIMING-17#11 Warning
Non-clocked sequential cell  
The clock pin my_keyboard/my_PS2Receiver/datacur_reg[6]/C is not reached by a timing clock
Related violations: <none>

TIMING-17#12 Warning
Non-clocked sequential cell  
The clock pin my_keyboard/my_PS2Receiver/datacur_reg[7]/C is not reached by a timing clock
Related violations: <none>

TIMING-17#13 Warning
Non-clocked sequential cell  
The clock pin my_keyboard/my_PS2Receiver/flag_reg/C is not reached by a timing clock
Related violations: <none>

TIMING-20#1 Warning
Non-clocked latch  
The latch my_background/rgb_out_nxt_reg[0] cannot be properly analyzed as its control pin my_background/rgb_out_nxt_reg[0]/G is not reached by a timing clock
Related violations: <none>

TIMING-20#2 Warning
Non-clocked latch  
The latch my_background/rgb_out_nxt_reg[10] cannot be properly analyzed as its control pin my_background/rgb_out_nxt_reg[10]/G is not reached by a timing clock
Related violations: <none>

TIMING-20#3 Warning
Non-clocked latch  
The latch my_background/rgb_out_nxt_reg[11] cannot be properly analyzed as its control pin my_background/rgb_out_nxt_reg[11]/G is not reached by a timing clock
Related violations: <none>

TIMING-20#4 Warning
Non-clocked latch  
The latch my_background/rgb_out_nxt_reg[1] cannot be properly analyzed as its control pin my_background/rgb_out_nxt_reg[1]/G is not reached by a timing clock
Related violations: <none>

TIMING-20#5 Warning
Non-clocked latch  
The latch my_background/rgb_out_nxt_reg[2] cannot be properly analyzed as its control pin my_background/rgb_out_nxt_reg[2]/G is not reached by a timing clock
Related violations: <none>

TIMING-20#6 Warning
Non-clocked latch  
The latch my_background/rgb_out_nxt_reg[3] cannot be properly analyzed as its control pin my_background/rgb_out_nxt_reg[3]/G is not reached by a timing clock
Related violations: <none>

TIMING-20#7 Warning
Non-clocked latch  
The latch my_background/rgb_out_nxt_reg[4] cannot be properly analyzed as its control pin my_background/rgb_out_nxt_reg[4]/G is not reached by a timing clock
Related violations: <none>

TIMING-20#8 Warning
Non-clocked latch  
The latch my_background/rgb_out_nxt_reg[5] cannot be properly analyzed as its control pin my_background/rgb_out_nxt_reg[5]/G is not reached by a timing clock
Related violations: <none>

TIMING-20#9 Warning
Non-clocked latch  
The latch my_background/rgb_out_nxt_reg[6] cannot be properly analyzed as its control pin my_background/rgb_out_nxt_reg[6]/G is not reached by a timing clock
Related violations: <none>

TIMING-20#10 Warning
Non-clocked latch  
The latch my_background/rgb_out_nxt_reg[7] cannot be properly analyzed as its control pin my_background/rgb_out_nxt_reg[7]/G is not reached by a timing clock
Related violations: <none>

TIMING-20#11 Warning
Non-clocked latch  
The latch my_background/rgb_out_nxt_reg[8] cannot be properly analyzed as its control pin my_background/rgb_out_nxt_reg[8]/G is not reached by a timing clock
Related violations: <none>

TIMING-20#12 Warning
Non-clocked latch  
The latch my_background/rgb_out_nxt_reg[9] cannot be properly analyzed as its control pin my_background/rgb_out_nxt_reg[9]/G is not reached by a timing clock
Related violations: <none>

TIMING-20#13 Warning
Non-clocked latch  
The latch my_keyboard/LP_left_reg cannot be properly analyzed as its control pin my_keyboard/LP_left_reg/G is not reached by a timing clock
Related violations: <none>

TIMING-20#14 Warning
Non-clocked latch  
The latch my_keyboard/LP_right_reg cannot be properly analyzed as its control pin my_keyboard/LP_right_reg/G is not reached by a timing clock
Related violations: <none>

TIMING-20#15 Warning
Non-clocked latch  
The latch my_keyboard/RP_left_reg cannot be properly analyzed as its control pin my_keyboard/RP_left_reg/G is not reached by a timing clock
Related violations: <none>

TIMING-20#16 Warning
Non-clocked latch  
The latch my_keyboard/RP_right_reg cannot be properly analyzed as its control pin my_keyboard/RP_right_reg/G is not reached by a timing clock
Related violations: <none>


