Copyright 1986-2017 Xilinx, Inc. All Rights Reserved.
-----------------------------------------------------------------------------------------------------------------------------------------------------------
| Tool Version : Vivado v.2017.3 (win64) Build 2018833 Wed Oct  4 19:58:22 MDT 2017
| Date         : Fri Sep 18 00:32:56 2020
| Host         : LAPTOP-269KMLDC running 64-bit major release  (build 9200)
| Command      : report_methodology -file nidhogg_methodology_drc_routed.rpt -pb nidhogg_methodology_drc_routed.pb -rpx nidhogg_methodology_drc_routed.rpx
| Design       : nidhogg
| Device       : xc7a35tcpg236-1
| Speed File   : -1
| Design State : Routed
-----------------------------------------------------------------------------------------------------------------------------------------------------------

Report Methodology

Table of Contents
-----------------
1. REPORT SUMMARY
2. REPORT DETAILS

1. REPORT SUMMARY
-----------------
            Netlist: netlist
          Floorplan: design_1
      Design limits: <entire design considered>
             Max violations: <unlimited>
             Violations found: 82
+-----------+----------+--------------------------------------------+------------+
| Rule      | Severity | Description                                | Violations |
+-----------+----------+--------------------------------------------+------------+
| SYNTH-6   | Warning  | Timing of a block RAM might be sub-optimal | 37         |
| SYNTH-10  | Warning  | Wide multiplier                            | 9          |
| TIMING-17 | Warning  | Non-clocked sequential cell                | 13         |
| TIMING-20 | Warning  | Non-clocked latch                          | 23         |
+-----------+----------+--------------------------------------------+------------+

2. REPORT DETAILS
-----------------
SYNTH-6#1 Warning
Timing of a block RAM might be sub-optimal  
The timing for the instance my_image_crown/rgb_reg, implemented as a block RAM, might be sub-optimal as no output register was merged into the block
Related violations: <none>

SYNTH-6#2 Warning
Timing of a block RAM might be sub-optimal  
The timing for the instance my_image_playerL_head/rgb_reg_0, implemented as a block RAM, might be sub-optimal as no output register was merged into the block
Related violations: <none>

SYNTH-6#3 Warning
Timing of a block RAM might be sub-optimal  
The timing for the instance my_image_playerL_head/rgb_reg_1, implemented as a block RAM, might be sub-optimal as no output register was merged into the block
Related violations: <none>

SYNTH-6#4 Warning
Timing of a block RAM might be sub-optimal  
The timing for the instance my_image_playerL_head2/rgb_reg_0, implemented as a block RAM, might be sub-optimal as no output register was merged into the block
Related violations: <none>

SYNTH-6#5 Warning
Timing of a block RAM might be sub-optimal  
The timing for the instance my_image_playerL_head2/rgb_reg_1, implemented as a block RAM, might be sub-optimal as no output register was merged into the block
Related violations: <none>

SYNTH-6#6 Warning
Timing of a block RAM might be sub-optimal  
The timing for the instance my_image_playerL_legs/rgb_reg_0, implemented as a block RAM, might be sub-optimal as no output register was merged into the block
Related violations: <none>

SYNTH-6#7 Warning
Timing of a block RAM might be sub-optimal  
The timing for the instance my_image_playerL_legs/rgb_reg_1, implemented as a block RAM, might be sub-optimal as no output register was merged into the block
Related violations: <none>

SYNTH-6#8 Warning
Timing of a block RAM might be sub-optimal  
The timing for the instance my_image_playerL_legs2/rgb_reg_0, implemented as a block RAM, might be sub-optimal as no output register was merged into the block
Related violations: <none>

SYNTH-6#9 Warning
Timing of a block RAM might be sub-optimal  
The timing for the instance my_image_playerL_legs2/rgb_reg_1, implemented as a block RAM, might be sub-optimal as no output register was merged into the block
Related violations: <none>

SYNTH-6#10 Warning
Timing of a block RAM might be sub-optimal  
The timing for the instance my_image_playerR_head/rgb_reg_0, implemented as a block RAM, might be sub-optimal as no output register was merged into the block
Related violations: <none>

SYNTH-6#11 Warning
Timing of a block RAM might be sub-optimal  
The timing for the instance my_image_playerR_head/rgb_reg_1, implemented as a block RAM, might be sub-optimal as no output register was merged into the block
Related violations: <none>

SYNTH-6#12 Warning
Timing of a block RAM might be sub-optimal  
The timing for the instance my_image_playerR_head2/rgb_reg_0, implemented as a block RAM, might be sub-optimal as no output register was merged into the block
Related violations: <none>

SYNTH-6#13 Warning
Timing of a block RAM might be sub-optimal  
The timing for the instance my_image_playerR_head2/rgb_reg_1, implemented as a block RAM, might be sub-optimal as no output register was merged into the block
Related violations: <none>

SYNTH-6#14 Warning
Timing of a block RAM might be sub-optimal  
The timing for the instance my_image_playerR_legs/rgb_reg_0, implemented as a block RAM, might be sub-optimal as no output register was merged into the block
Related violations: <none>

SYNTH-6#15 Warning
Timing of a block RAM might be sub-optimal  
The timing for the instance my_image_playerR_legs/rgb_reg_1, implemented as a block RAM, might be sub-optimal as no output register was merged into the block
Related violations: <none>

SYNTH-6#16 Warning
Timing of a block RAM might be sub-optimal  
The timing for the instance my_image_playerR_legs2/rgb_reg_0, implemented as a block RAM, might be sub-optimal as no output register was merged into the block
Related violations: <none>

SYNTH-6#17 Warning
Timing of a block RAM might be sub-optimal  
The timing for the instance my_image_playerR_legs2/rgb_reg_1, implemented as a block RAM, might be sub-optimal as no output register was merged into the block
Related violations: <none>

SYNTH-6#18 Warning
Timing of a block RAM might be sub-optimal  
The timing for the instance my_image_rom/rgb_reg_0, implemented as a block RAM, might be sub-optimal as no output register was merged into the block
Related violations: <none>

SYNTH-6#19 Warning
Timing of a block RAM might be sub-optimal  
The timing for the instance my_image_rom/rgb_reg_1, implemented as a block RAM, might be sub-optimal as no output register was merged into the block
Related violations: <none>

SYNTH-6#20 Warning
Timing of a block RAM might be sub-optimal  
The timing for the instance my_image_sign_left/rgb_reg_0, implemented as a block RAM, might be sub-optimal as no output register was merged into the block
Related violations: <none>

SYNTH-6#21 Warning
Timing of a block RAM might be sub-optimal  
The timing for the instance my_image_sign_left/rgb_reg_1, implemented as a block RAM, might be sub-optimal as no output register was merged into the block
Related violations: <none>

SYNTH-6#22 Warning
Timing of a block RAM might be sub-optimal  
The timing for the instance my_image_sign_left/rgb_reg_2, implemented as a block RAM, might be sub-optimal as no output register was merged into the block
Related violations: <none>

SYNTH-6#23 Warning
Timing of a block RAM might be sub-optimal  
The timing for the instance my_image_sign_left/rgb_reg_3, implemented as a block RAM, might be sub-optimal as no output register was merged into the block
Related violations: <none>

SYNTH-6#24 Warning
Timing of a block RAM might be sub-optimal  
The timing for the instance my_image_sign_left/rgb_reg_4, implemented as a block RAM, might be sub-optimal as no output register was merged into the block
Related violations: <none>

SYNTH-6#25 Warning
Timing of a block RAM might be sub-optimal  
The timing for the instance my_image_sign_left/rgb_reg_5, implemented as a block RAM, might be sub-optimal as no output register was merged into the block
Related violations: <none>

SYNTH-6#26 Warning
Timing of a block RAM might be sub-optimal  
The timing for the instance my_image_sign_right/rgb_reg_0, implemented as a block RAM, might be sub-optimal as no output register was merged into the block
Related violations: <none>

SYNTH-6#27 Warning
Timing of a block RAM might be sub-optimal  
The timing for the instance my_image_sign_right/rgb_reg_1, implemented as a block RAM, might be sub-optimal as no output register was merged into the block
Related violations: <none>

SYNTH-6#28 Warning
Timing of a block RAM might be sub-optimal  
The timing for the instance my_image_sign_right/rgb_reg_2, implemented as a block RAM, might be sub-optimal as no output register was merged into the block
Related violations: <none>

SYNTH-6#29 Warning
Timing of a block RAM might be sub-optimal  
The timing for the instance my_image_sign_right/rgb_reg_3, implemented as a block RAM, might be sub-optimal as no output register was merged into the block
Related violations: <none>

SYNTH-6#30 Warning
Timing of a block RAM might be sub-optimal  
The timing for the instance my_image_sign_right/rgb_reg_4, implemented as a block RAM, might be sub-optimal as no output register was merged into the block
Related violations: <none>

SYNTH-6#31 Warning
Timing of a block RAM might be sub-optimal  
The timing for the instance my_image_sign_right/rgb_reg_5, implemented as a block RAM, might be sub-optimal as no output register was merged into the block
Related violations: <none>

SYNTH-6#32 Warning
Timing of a block RAM might be sub-optimal  
The timing for the instance my_image_torch_down/rgb_reg_0, implemented as a block RAM, might be sub-optimal as no output register was merged into the block
Related violations: <none>

SYNTH-6#33 Warning
Timing of a block RAM might be sub-optimal  
The timing for the instance my_image_torch_down/rgb_reg_1, implemented as a block RAM, might be sub-optimal as no output register was merged into the block
Related violations: <none>

SYNTH-6#34 Warning
Timing of a block RAM might be sub-optimal  
The timing for the instance my_image_torch_up/rgb_reg_0, implemented as a block RAM, might be sub-optimal as no output register was merged into the block
Related violations: <none>

SYNTH-6#35 Warning
Timing of a block RAM might be sub-optimal  
The timing for the instance my_image_torch_up/rgb_reg_1, implemented as a block RAM, might be sub-optimal as no output register was merged into the block
Related violations: <none>

SYNTH-6#36 Warning
Timing of a block RAM might be sub-optimal  
The timing for the instance my_sword_L/rgb_reg, implemented as a block RAM, might be sub-optimal as no output register was merged into the block
Related violations: <none>

SYNTH-6#37 Warning
Timing of a block RAM might be sub-optimal  
The timing for the instance my_sword_R/rgb_reg, implemented as a block RAM, might be sub-optimal as no output register was merged into the block
Related violations: <none>

SYNTH-10#1 Warning
Wide multiplier  
Detected multiplier at my_board_control/rgb_out_nxt3 of size 16x18, it is decomposed from a wide multipler into 4 DSP blocks.
Related violations: <none>

SYNTH-10#2 Warning
Wide multiplier  
Detected multiplier at my_board_control/rgb_out_nxt3__0 of size 18x18, it is decomposed from a wide multipler into 4 DSP blocks.
Related violations: <none>

SYNTH-10#3 Warning
Wide multiplier  
Detected multiplier at my_board_control/rgb_out_nxt3__1 of size 18x16, it is decomposed from a wide multipler into 4 DSP blocks.
Related violations: <none>

SYNTH-10#4 Warning
Wide multiplier  
Detected multiplier at my_board_control/rgb_out_nxt3__2 of size 16x18, it is decomposed from a wide multipler into 4 DSP blocks.
Related violations: <none>

SYNTH-10#5 Warning
Wide multiplier  
Detected multiplier at my_board_control/rgb_out_nxt3__3 of size 18x18, it is decomposed from a wide multipler into 4 DSP blocks.
Related violations: <none>

SYNTH-10#6 Warning
Wide multiplier  
Detected multiplier at my_board_control/rgb_out_nxt3__4 of size 18x16, it is decomposed from a wide multipler into 4 DSP blocks.
Related violations: <none>

SYNTH-10#7 Warning
Wide multiplier  
Detected multiplier at my_board_control/rgb_out_nxt3__5 of size 16x18, it is decomposed from a wide multipler into 4 DSP blocks.
Related violations: <none>

SYNTH-10#8 Warning
Wide multiplier  
Detected multiplier at my_board_control/rgb_out_nxt3__6 of size 18x18, it is decomposed from a wide multipler into 4 DSP blocks.
Related violations: <none>

SYNTH-10#9 Warning
Wide multiplier  
Detected multiplier at my_board_control/rgb_out_nxt3__7 of size 18x16, it is decomposed from a wide multipler into 4 DSP blocks.
Related violations: <none>

TIMING-17#1 Warning
Non-clocked sequential cell  
The clock pin my_keyboard/my_PS2Receiver/cnt_reg[0]/C is not reached by a timing clock
Related violations: <none>

TIMING-17#2 Warning
Non-clocked sequential cell  
The clock pin my_keyboard/my_PS2Receiver/cnt_reg[1]/C is not reached by a timing clock
Related violations: <none>

TIMING-17#3 Warning
Non-clocked sequential cell  
The clock pin my_keyboard/my_PS2Receiver/cnt_reg[2]/C is not reached by a timing clock
Related violations: <none>

TIMING-17#4 Warning
Non-clocked sequential cell  
The clock pin my_keyboard/my_PS2Receiver/cnt_reg[3]/C is not reached by a timing clock
Related violations: <none>

TIMING-17#5 Warning
Non-clocked sequential cell  
The clock pin my_keyboard/my_PS2Receiver/datacur_reg[0]/C is not reached by a timing clock
Related violations: <none>

TIMING-17#6 Warning
Non-clocked sequential cell  
The clock pin my_keyboard/my_PS2Receiver/datacur_reg[1]/C is not reached by a timing clock
Related violations: <none>

TIMING-17#7 Warning
Non-clocked sequential cell  
The clock pin my_keyboard/my_PS2Receiver/datacur_reg[2]/C is not reached by a timing clock
Related violations: <none>

TIMING-17#8 Warning
Non-clocked sequential cell  
The clock pin my_keyboard/my_PS2Receiver/datacur_reg[3]/C is not reached by a timing clock
Related violations: <none>

TIMING-17#9 Warning
Non-clocked sequential cell  
The clock pin my_keyboard/my_PS2Receiver/datacur_reg[4]/C is not reached by a timing clock
Related violations: <none>

TIMING-17#10 Warning
Non-clocked sequential cell  
The clock pin my_keyboard/my_PS2Receiver/datacur_reg[5]/C is not reached by a timing clock
Related violations: <none>

TIMING-17#11 Warning
Non-clocked sequential cell  
The clock pin my_keyboard/my_PS2Receiver/datacur_reg[6]/C is not reached by a timing clock
Related violations: <none>

TIMING-17#12 Warning
Non-clocked sequential cell  
The clock pin my_keyboard/my_PS2Receiver/datacur_reg[7]/C is not reached by a timing clock
Related violations: <none>

TIMING-17#13 Warning
Non-clocked sequential cell  
The clock pin my_keyboard/my_PS2Receiver/flag_reg/C is not reached by a timing clock
Related violations: <none>

TIMING-20#1 Warning
Non-clocked latch  
The latch my_background/rgb_out_nxt_reg[0] cannot be properly analyzed as its control pin my_background/rgb_out_nxt_reg[0]/G is not reached by a timing clock
Related violations: <none>

TIMING-20#2 Warning
Non-clocked latch  
The latch my_background/rgb_out_nxt_reg[10] cannot be properly analyzed as its control pin my_background/rgb_out_nxt_reg[10]/G is not reached by a timing clock
Related violations: <none>

TIMING-20#3 Warning
Non-clocked latch  
The latch my_background/rgb_out_nxt_reg[11] cannot be properly analyzed as its control pin my_background/rgb_out_nxt_reg[11]/G is not reached by a timing clock
Related violations: <none>

TIMING-20#4 Warning
Non-clocked latch  
The latch my_background/rgb_out_nxt_reg[1] cannot be properly analyzed as its control pin my_background/rgb_out_nxt_reg[1]/G is not reached by a timing clock
Related violations: <none>

TIMING-20#5 Warning
Non-clocked latch  
The latch my_background/rgb_out_nxt_reg[2] cannot be properly analyzed as its control pin my_background/rgb_out_nxt_reg[2]/G is not reached by a timing clock
Related violations: <none>

TIMING-20#6 Warning
Non-clocked latch  
The latch my_background/rgb_out_nxt_reg[3] cannot be properly analyzed as its control pin my_background/rgb_out_nxt_reg[3]/G is not reached by a timing clock
Related violations: <none>

TIMING-20#7 Warning
Non-clocked latch  
The latch my_background/rgb_out_nxt_reg[4] cannot be properly analyzed as its control pin my_background/rgb_out_nxt_reg[4]/G is not reached by a timing clock
Related violations: <none>

TIMING-20#8 Warning
Non-clocked latch  
The latch my_background/rgb_out_nxt_reg[5] cannot be properly analyzed as its control pin my_background/rgb_out_nxt_reg[5]/G is not reached by a timing clock
Related violations: <none>

TIMING-20#9 Warning
Non-clocked latch  
The latch my_background/rgb_out_nxt_reg[6] cannot be properly analyzed as its control pin my_background/rgb_out_nxt_reg[6]/G is not reached by a timing clock
Related violations: <none>

TIMING-20#10 Warning
Non-clocked latch  
The latch my_background/rgb_out_nxt_reg[7] cannot be properly analyzed as its control pin my_background/rgb_out_nxt_reg[7]/G is not reached by a timing clock
Related violations: <none>

TIMING-20#11 Warning
Non-clocked latch  
The latch my_background/rgb_out_nxt_reg[8] cannot be properly analyzed as its control pin my_background/rgb_out_nxt_reg[8]/G is not reached by a timing clock
Related violations: <none>

TIMING-20#12 Warning
Non-clocked latch  
The latch my_background/rgb_out_nxt_reg[9] cannot be properly analyzed as its control pin my_background/rgb_out_nxt_reg[9]/G is not reached by a timing clock
Related violations: <none>

TIMING-20#13 Warning
Non-clocked latch  
The latch my_keyboard/RP_jump_reg cannot be properly analyzed as its control pin my_keyboard/RP_jump_reg/G is not reached by a timing clock
Related violations: <none>

TIMING-20#14 Warning
Non-clocked latch  
The latch my_keyboard/RP_left_reg cannot be properly analyzed as its control pin my_keyboard/RP_left_reg/G is not reached by a timing clock
Related violations: <none>

TIMING-20#15 Warning
Non-clocked latch  
The latch my_keyboard/RP_right_reg cannot be properly analyzed as its control pin my_keyboard/RP_right_reg/G is not reached by a timing clock
Related violations: <none>

TIMING-20#16 Warning
Non-clocked latch  
The latch my_keyboard/RP_sword_down_reg cannot be properly analyzed as its control pin my_keyboard/RP_sword_down_reg/G is not reached by a timing clock
Related violations: <none>

TIMING-20#17 Warning
Non-clocked latch  
The latch my_keyboard/RP_sword_up_reg cannot be properly analyzed as its control pin my_keyboard/RP_sword_up_reg/G is not reached by a timing clock
Related violations: <none>

TIMING-20#18 Warning
Non-clocked latch  
The latch my_keyboard/RP_throw_reg cannot be properly analyzed as its control pin my_keyboard/RP_throw_reg/G is not reached by a timing clock
Related violations: <none>

TIMING-20#19 Warning
Non-clocked latch  
The latch my_keyboard/sword_pos_reg[0] cannot be properly analyzed as its control pin my_keyboard/sword_pos_reg[0]/G is not reached by a timing clock
Related violations: <none>

TIMING-20#20 Warning
Non-clocked latch  
The latch my_keyboard/sword_pos_reg[1] cannot be properly analyzed as its control pin my_keyboard/sword_pos_reg[1]/G is not reached by a timing clock
Related violations: <none>

TIMING-20#21 Warning
Non-clocked latch  
The latch my_keyboard/sword_pos_reg[2] cannot be properly analyzed as its control pin my_keyboard/sword_pos_reg[2]/G is not reached by a timing clock
Related violations: <none>

TIMING-20#22 Warning
Non-clocked latch  
The latch my_keyboard/sword_pos_reg[3] cannot be properly analyzed as its control pin my_keyboard/sword_pos_reg[3]/G is not reached by a timing clock
Related violations: <none>

TIMING-20#23 Warning
Non-clocked latch  
The latch my_keyboard/sword_pos_reg[4] cannot be properly analyzed as its control pin my_keyboard/sword_pos_reg[4]/G is not reached by a timing clock
Related violations: <none>


